Loading db file '/afs/umich.edu/class/eecs470/lib/synopsys/lec25dscc25_TT.db'
Information: Propagating switching activity (low effort zero delay simulation). (PWR-6)
Warning: Design has unannotated primary inputs. (PWR-414)
Warning: Design has unannotated sequential cell outputs. (PWR-415)
 
****************************************
Report : power
        -hier
        -analysis_effort low
Design : processing_unit
Version: O-2018.06
Date   : Sat Nov 30 17:53:37 2019
****************************************


Library(s) Used:

    lec25dscc25_TT (File: /afs/umich.edu/class/eecs470/lib/synopsys/lec25dscc25_TT.db)


Operating Conditions: nom_pvt   Library: lec25dscc25_TT
Wire Load Model Mode: top

Design        Wire Load Model            Library
------------------------------------------------
processing_unit        tsmcwire          lec25dscc25_TT


Global Operating Voltage = 2.5  
Power-specific unit information :
    Voltage Units = 1V
    Capacitance Units = 1.000000pf
    Time Units = 1ns
    Dynamic Power Units = 1mW    (derived from V,C,T units)
    Leakage Power Units = 1pW


--------------------------------------------------------------------------------
                                       Switch   Int      Leak     Total
Hierarchy                              Power    Power    Power    Power    %
--------------------------------------------------------------------------------
processing_unit                           1.198    6.994 1.67e+04    8.192 100.0
  PE_row[1].PE_column[1].PEs (processing_element_0)    0.131    0.671 2.05e+03    0.802   9.8
    multiplexer_inst (multiplexer_0)   1.40e-02 4.65e-02  316.000 6.04e-02   0.7
    counter_inst (counter_0)              0.117    0.625 1.74e+03    0.742   9.1
  PE_row[1].PE_column[0].PEs (processing_element_1)    0.121    0.601 1.73e+03    0.722   8.8
    multiplexer_inst (multiplexer_1)   1.22e-02 4.58e-02  316.000 5.80e-02   0.7
    counter_inst (counter_1)              0.109    0.555 1.41e+03    0.664   8.1
  PE_row[0].PE_column[1].PEs (processing_element_2)    0.121    0.639 1.96e+03    0.760   9.3
    multiplexer_inst (multiplexer_2)   1.55e-02 5.15e-02  308.511 6.70e-02   0.8
    counter_inst (counter_2)              0.106    0.587 1.65e+03    0.693   8.5
  PE_row[0].PE_column[0].PEs (processing_element_3)    0.194    0.803 1.83e+03    0.997  12.2
    multiplexer_inst (multiplexer_3)   1.19e-02 4.68e-02  316.000 5.87e-02   0.7
    counter_inst (counter_3)              0.182    0.757 1.52e+03    0.938  11.5
  FSM_selector_inst (FSM_selector)        0.101    0.661 1.35e+03    0.763   9.3
  down_counter_inst (down_counter)        0.218    0.913 1.24e+03    1.130  13.8
1
