 
****************************************
Report : resources
Design : processing_unit
Version: O-2018.06
Date   : Sat Nov 30 21:38:04 2019
****************************************

Resource Sharing Report for design processing_unit in file
        /afs/umich.edu/user/a/r/arkhadem/Downloads/BISC/BISC_MVM/processing_unit.sv

===============================================================================
|          |              |            | Contained     |                      |
| Resource | Module       | Parameters | Resources     | Contained Operations |
===============================================================================
| r145     | DW01_cmp2    | width=2    |               | lte_111              |
|          |              |            |               | lte_111_I2_I1        |
| r146     | DW01_cmp2    | width=2    |               | lte_111_2            |
|          |              |            |               | lte_111_2_I2         |
| r151     | DW01_cmp2    | width=2    |               | lte_111_2_I2_I1      |
|          |              |            |               | lte_111_2_I2_I2      |
| r152     | DW01_dec     | width=5    |               | sub_111_2_I2_I1      |
|          |              |            |               | sub_111_2_I2_I2      |
| r153     | DW01_cmp2    | width=2    |               | lte_111_I2           |
|          |              |            |               | lte_111_I2_I2        |
| r154     | DW01_dec     | width=5    |               | sub_111_4_I2         |
|          |              |            |               | sub_111_4_I2_I2      |
| r262     | DW01_dec     | width=4    |               | add_1_root_sub_111_3 |
|          |              |            |               | add_1_root_sub_111_3_I2 |
        |              |            |               | add_1_root_sub_111_3_I2_I1 |
     |              |            |               | add_1_root_sub_111_3_I2_I2 |
| r264     | DW01_add     | width=4    |               | sub_0_root_sub_111_3 |
|          |              |            |               | sub_0_root_sub_111_3_I2 |
        |              |            |               | sub_0_root_sub_111_3_I2_I1 |
     |              |            |               | sub_0_root_sub_111_3_I2_I2 |
| r372     | DW01_dec     | width=4    |               | add_1_root_sub_111   |
|          |              |            |               | add_1_root_sub_111_I2 |
          |              |            |               | add_1_root_sub_111_I2_I1 |
       |              |            |               | add_1_root_sub_111_I2_I2 |
| r374     | DW01_add     | width=4    |               | sub_0_root_sub_111   |
|          |              |            |               | sub_0_root_sub_111_I2 |
          |              |            |               | sub_0_root_sub_111_I2_I1 |
       |              |            |               | sub_0_root_sub_111_I2_I2 |
===============================================================================


No implementations to report
 
****************************************
Design : index_counter
****************************************
Resource Sharing Report for design index_counter in file
        /afs/umich.edu/user/a/r/arkhadem/Downloads/BISC/BISC_MVM/index_counter.sv

===============================================================================
|          |              |            | Contained     |                      |
| Resource | Module       | Parameters | Resources     | Contained Operations |
===============================================================================
| r61      | DW01_inc     | width=2    |               | add_18               |
| r63      | DW01_inc     | width=2    |               | add_20               |
===============================================================================


No implementations to report
 
****************************************
Design : partial_result_buffer
****************************************
Resource Sharing Report for design partial_result_buffer in file
        /afs/umich.edu/user/a/r/arkhadem/Downloads/BISC/BISC_MVM/partial_result_buffer.sv

===============================================================================
|          |              |            | Contained     |                      |
| Resource | Module       | Parameters | Resources     | Contained Operations |
===============================================================================
| r55      | DW01_dec     | width=3    |               | sub_26               |
===============================================================================


No implementations to report

No resource sharing information to report.
 
****************************************
Design : processing_element_0
****************************************

No implementations to report

No resource sharing information to report.
 
****************************************
Design : multiplexer_0
****************************************

No implementations to report

No resource sharing information to report.
 
****************************************
Design : counter_0
****************************************

No implementations to report

No resource sharing information to report.
 
****************************************
Design : processing_element_1
****************************************

No implementations to report

No resource sharing information to report.
 
****************************************
Design : multiplexer_1
****************************************

No implementations to report

No resource sharing information to report.
 
****************************************
Design : counter_1
****************************************

No implementations to report

No resource sharing information to report.
 
****************************************
Design : processing_element_2
****************************************

No implementations to report

No resource sharing information to report.
 
****************************************
Design : multiplexer_2
****************************************

No implementations to report

No resource sharing information to report.
 
****************************************
Design : counter_2
****************************************

No implementations to report

No resource sharing information to report.
 
****************************************
Design : processing_element_3
****************************************

No implementations to report

No resource sharing information to report.
 
****************************************
Design : multiplexer_3
****************************************

No implementations to report
 
****************************************
Design : counter_3
****************************************
Resource Sharing Report for design counter_0 in file
        /afs/umich.edu/user/a/r/arkhadem/Downloads/BISC/BISC_MVM/counter.sv

===============================================================================
|          |              |            | Contained     |                      |
| Resource | Module       | Parameters | Resources     | Contained Operations |
===============================================================================
| r55      | DW01_add     | width=6    |               | add_22               |
===============================================================================


No implementations to report
 
****************************************
Design : FSM_selector
****************************************
Resource Sharing Report for design FSM_selector in file
        /afs/umich.edu/user/a/r/arkhadem/Downloads/BISC/BISC_MVM/FSM_selector.sv

===============================================================================
|          |              |            | Contained     |                      |
| Resource | Module       | Parameters | Resources     | Contained Operations |
===============================================================================
| r58      | DW01_inc     | width=6    |               | add_25               |
| r60      | DW01_sub     | width=3    |               | sub_29               |
===============================================================================


No implementations to report
 
****************************************
Design : down_counter
****************************************
Resource Sharing Report for design down_counter in file
        /afs/umich.edu/user/a/r/arkhadem/Downloads/BISC/BISC_MVM/down_counter.sv

===============================================================================
|          |              |            | Contained     |                      |
| Resource | Module       | Parameters | Resources     | Contained Operations |
===============================================================================
| r55      | DW01_dec     | width=6    |               | sub_18               |
===============================================================================


No implementations to report

No resource sharing information to report.
 
****************************************
Design : controller
****************************************

No implementations to report
1
